  Determining projects to restore...
  Restored /app/src/PayFlow.Application/PayFlow.Application.csproj (in 3.79 sec).
  Restored /app/src/PayFlow.Worker/PayFlow.Worker.csproj (in 14.12 sec).
  Restored /app/tests/PayFlow.UnitTests/PayFlow.UnitTests.csproj (in 14.12 sec).
  Restored /app/src/PayFlow.Api/PayFlow.Api.csproj (in 14.12 sec).
  Restored /app/src/PayFlow.Infrastructure/PayFlow.Infrastructure.csproj (in 15.03 sec).
  1 of 6 projects are up-to-date for restore.
  PayFlow.Domain -> /app/src/PayFlow.Domain/bin/Release/net8.0/PayFlow.Domain.dll
  PayFlow.Application -> /app/src/PayFlow.Application/bin/Release/net8.0/PayFlow.Application.dll
  PayFlow.Infrastructure -> /app/src/PayFlow.Infrastructure/bin/Release/net8.0/PayFlow.Infrastructure.dll
  PayFlow.Worker -> /app/src/PayFlow.Worker/bin/Release/net8.0/PayFlow.Worker.dll
  PayFlow.Api -> /app/src/PayFlow.Api/bin/Release/net8.0/PayFlow.Api.dll
/app/tests/PayFlow.UnitTests/Domain/TransactionTests.cs(9,6): error CS0246: The type or namespace name 'FactAttribute' could not be found (are you missing a using directive or an assembly reference?) [/app/tests/PayFlow.UnitTests/PayFlow.UnitTests.csproj]
/app/tests/PayFlow.UnitTests/Domain/TransactionTests.cs(9,6): error CS0246: The type or namespace name 'Fact' could not be found (are you missing a using directive or an assembly reference?) [/app/tests/PayFlow.UnitTests/PayFlow.UnitTests.csproj]
/app/tests/PayFlow.UnitTests/Domain/WalletTests.cs(9,6): error CS0246: The type or namespace name 'FactAttribute' could not be found (are you missing a using directive or an assembly reference?) [/app/tests/PayFlow.UnitTests/PayFlow.UnitTests.csproj]
/app/tests/PayFlow.UnitTests/Domain/WalletTests.cs(9,6): error CS0246: The type or namespace name 'Fact' could not be found (are you missing a using directive or an assembly reference?) [/app/tests/PayFlow.UnitTests/PayFlow.UnitTests.csproj]
/app/tests/PayFlow.UnitTests/Domain/TransactionTests.cs(35,6): error CS0246: The type or namespace name 'FactAttribute' could not be found (are you missing a using directive or an assembly reference?) [/app/tests/PayFlow.UnitTests/PayFlow.UnitTests.csproj]
/app/tests/PayFlow.UnitTests/Domain/TransactionTests.cs(35,6): error CS0246: The type or namespace name 'Fact' could not be found (are you missing a using directive or an assembly reference?) [/app/tests/PayFlow.UnitTests/PayFlow.UnitTests.csproj]
/app/tests/PayFlow.UnitTests/Domain/WalletTests.cs(24,6): error CS0246: The type or namespace name 'FactAttribute' could not be found (are you missing a using directive or an assembly reference?) [/app/tests/PayFlow.UnitTests/PayFlow.UnitTests.csproj]
/app/tests/PayFlow.UnitTests/Domain/WalletTests.cs(24,6): error CS0246: The type or namespace name 'Fact' could not be found (are you missing a using directive or an assembly reference?) [/app/tests/PayFlow.UnitTests/PayFlow.UnitTests.csproj]
/app/tests/PayFlow.UnitTests/Domain/WalletTests.cs(31,6): error CS0246: The type or namespace name 'FactAttribute' could not be found (are you missing a using directive or an assembly reference?) [/app/tests/PayFlow.UnitTests/PayFlow.UnitTests.csproj]
/app/tests/PayFlow.UnitTests/Domain/WalletTests.cs(31,6): error CS0246: The type or namespace name 'Fact' could not be found (are you missing a using directive or an assembly reference?) [/app/tests/PayFlow.UnitTests/PayFlow.UnitTests.csproj]
/app/tests/PayFlow.UnitTests/Domain/TransactionTests.cs(44,6): error CS0246: The type or namespace name 'FactAttribute' could not be found (are you missing a using directive or an assembly reference?) [/app/tests/PayFlow.UnitTests/PayFlow.UnitTests.csproj]
/app/tests/PayFlow.UnitTests/Domain/TransactionTests.cs(44,6): error CS0246: The type or namespace name 'Fact' could not be found (are you missing a using directive or an assembly reference?) [/app/tests/PayFlow.UnitTests/PayFlow.UnitTests.csproj]
/app/tests/PayFlow.UnitTests/Services/LedgerServiceTests.cs(17,6): error CS0246: The type or namespace name 'FactAttribute' could not be found (are you missing a using directive or an assembly reference?) [/app/tests/PayFlow.UnitTests/PayFlow.UnitTests.csproj]
/app/tests/PayFlow.UnitTests/Services/LedgerServiceTests.cs(17,6): error CS0246: The type or namespace name 'Fact' could not be found (are you missing a using directive or an assembly reference?) [/app/tests/PayFlow.UnitTests/PayFlow.UnitTests.csproj]
/app/tests/PayFlow.UnitTests/Domain/TransactionTests.cs(53,6): error CS0246: The type or namespace name 'FactAttribute' could not be found (are you missing a using directive or an assembly reference?) [/app/tests/PayFlow.UnitTests/PayFlow.UnitTests.csproj]
/app/tests/PayFlow.UnitTests/Domain/TransactionTests.cs(53,6): error CS0246: The type or namespace name 'Fact' could not be found (are you missing a using directive or an assembly reference?) [/app/tests/PayFlow.UnitTests/PayFlow.UnitTests.csproj]
/app/tests/PayFlow.UnitTests/Services/WalletServiceTests.cs(24,6): error CS0246: The type or namespace name 'FactAttribute' could not be found (are you missing a using directive or an assembly reference?) [/app/tests/PayFlow.UnitTests/PayFlow.UnitTests.csproj]
/app/tests/PayFlow.UnitTests/Services/WalletServiceTests.cs(24,6): error CS0246: The type or namespace name 'Fact' could not be found (are you missing a using directive or an assembly reference?) [/app/tests/PayFlow.UnitTests/PayFlow.UnitTests.csproj]
/app/tests/PayFlow.UnitTests/Domain/WalletTests.cs(38,6): error CS0246: The type or namespace name 'FactAttribute' could not be found (are you missing a using directive or an assembly reference?) [/app/tests/PayFlow.UnitTests/PayFlow.UnitTests.csproj]
/app/tests/PayFlow.UnitTests/Domain/WalletTests.cs(38,6): error CS0246: The type or namespace name 'Fact' could not be found (are you missing a using directive or an assembly reference?) [/app/tests/PayFlow.UnitTests/PayFlow.UnitTests.csproj]
/app/tests/PayFlow.UnitTests/Services/LedgerServiceTests.cs(56,6): error CS0246: The type or namespace name 'FactAttribute' could not be found (are you missing a using directive or an assembly reference?) [/app/tests/PayFlow.UnitTests/PayFlow.UnitTests.csproj]
/app/tests/PayFlow.UnitTests/Services/LedgerServiceTests.cs(56,6): error CS0246: The type or namespace name 'Fact' could not be found (are you missing a using directive or an assembly reference?) [/app/tests/PayFlow.UnitTests/PayFlow.UnitTests.csproj]
/app/tests/PayFlow.UnitTests/Services/PaymentServiceTests.cs(37,6): error CS0246: The type or namespace name 'FactAttribute' could not be found (are you missing a using directive or an assembly reference?) [/app/tests/PayFlow.UnitTests/PayFlow.UnitTests.csproj]
/app/tests/PayFlow.UnitTests/Services/PaymentServiceTests.cs(37,6): error CS0246: The type or namespace name 'Fact' could not be found (are you missing a using directive or an assembly reference?) [/app/tests/PayFlow.UnitTests/PayFlow.UnitTests.csproj]
/app/tests/PayFlow.UnitTests/Domain/TransactionTests.cs(62,6): error CS0246: The type or namespace name 'FactAttribute' could not be found (are you missing a using directive or an assembly reference?) [/app/tests/PayFlow.UnitTests/PayFlow.UnitTests.csproj]
/app/tests/PayFlow.UnitTests/Domain/TransactionTests.cs(62,6): error CS0246: The type or namespace name 'Fact' could not be found (are you missing a using directive or an assembly reference?) [/app/tests/PayFlow.UnitTests/PayFlow.UnitTests.csproj]
/app/tests/PayFlow.UnitTests/Domain/WalletTests.cs(49,6): error CS0246: The type or namespace name 'FactAttribute' could not be found (are you missing a using directive or an assembly reference?) [/app/tests/PayFlow.UnitTests/PayFlow.UnitTests.csproj]
/app/tests/PayFlow.UnitTests/Domain/WalletTests.cs(49,6): error CS0246: The type or namespace name 'Fact' could not be found (are you missing a using directive or an assembly reference?) [/app/tests/PayFlow.UnitTests/PayFlow.UnitTests.csproj]
/app/tests/PayFlow.UnitTests/Services/LedgerServiceTests.cs(79,6): error CS0246: The type or namespace name 'FactAttribute' could not be found (are you missing a using directive or an assembly reference?) [/app/tests/PayFlow.UnitTests/PayFlow.UnitTests.csproj]
/app/tests/PayFlow.UnitTests/Services/LedgerServiceTests.cs(79,6): error CS0246: The type or namespace name 'Fact' could not be found (are you missing a using directive or an assembly reference?) [/app/tests/PayFlow.UnitTests/PayFlow.UnitTests.csproj]
/app/tests/PayFlow.UnitTests/Domain/WalletTests.cs(58,6): error CS0246: The type or namespace name 'FactAttribute' could not be found (are you missing a using directive or an assembly reference?) [/app/tests/PayFlow.UnitTests/PayFlow.UnitTests.csproj]
/app/tests/PayFlow.UnitTests/Domain/WalletTests.cs(58,6): error CS0246: The type or namespace name 'Fact' could not be found (are you missing a using directive or an assembly reference?) [/app/tests/PayFlow.UnitTests/PayFlow.UnitTests.csproj]
/app/tests/PayFlow.UnitTests/Domain/TransactionTests.cs(72,6): error CS0246: The type or namespace name 'FactAttribute' could not be found (are you missing a using directive or an assembly reference?) [/app/tests/PayFlow.UnitTests/PayFlow.UnitTests.csproj]
/app/tests/PayFlow.UnitTests/Domain/TransactionTests.cs(72,6): error CS0246: The type or namespace name 'Fact' could not be found (are you missing a using directive or an assembly reference?) [/app/tests/PayFlow.UnitTests/PayFlow.UnitTests.csproj]
/app/tests/PayFlow.UnitTests/Domain/TransactionTests.cs(82,6): error CS0246: The type or namespace name 'FactAttribute' could not be found (are you missing a using directive or an assembly reference?) [/app/tests/PayFlow.UnitTests/PayFlow.UnitTests.csproj]
/app/tests/PayFlow.UnitTests/Domain/TransactionTests.cs(82,6): error CS0246: The type or namespace name 'Fact' could not be found (are you missing a using directive or an assembly reference?) [/app/tests/PayFlow.UnitTests/PayFlow.UnitTests.csproj]
/app/tests/PayFlow.UnitTests/Domain/WalletTests.cs(69,6): error CS0246: The type or namespace name 'FactAttribute' could not be found (are you missing a using directive or an assembly reference?) [/app/tests/PayFlow.UnitTests/PayFlow.UnitTests.csproj]
/app/tests/PayFlow.UnitTests/Domain/WalletTests.cs(69,6): error CS0246: The type or namespace name 'Fact' could not be found (are you missing a using directive or an assembly reference?) [/app/tests/PayFlow.UnitTests/PayFlow.UnitTests.csproj]
/app/tests/PayFlow.UnitTests/Services/PaymentServiceTests.cs(82,6): error CS0246: The type or namespace name 'FactAttribute' could not be found (are you missing a using directive or an assembly reference?) [/app/tests/PayFlow.UnitTests/PayFlow.UnitTests.csproj]
/app/tests/PayFlow.UnitTests/Services/PaymentServiceTests.cs(82,6): error CS0246: The type or namespace name 'Fact' could not be found (are you missing a using directive or an assembly reference?) [/app/tests/PayFlow.UnitTests/PayFlow.UnitTests.csproj]
/app/tests/PayFlow.UnitTests/Domain/WalletTests.cs(79,6): error CS0246: The type or namespace name 'FactAttribute' could not be found (are you missing a using directive or an assembly reference?) [/app/tests/PayFlow.UnitTests/PayFlow.UnitTests.csproj]
/app/tests/PayFlow.UnitTests/Domain/WalletTests.cs(79,6): error CS0246: The type or namespace name 'Fact' could not be found (are you missing a using directive or an assembly reference?) [/app/tests/PayFlow.UnitTests/PayFlow.UnitTests.csproj]
/app/tests/PayFlow.UnitTests/Services/WalletServiceTests.cs(58,6): error CS0246: The type or namespace name 'FactAttribute' could not be found (are you missing a using directive or an assembly reference?) [/app/tests/PayFlow.UnitTests/PayFlow.UnitTests.csproj]
/app/tests/PayFlow.UnitTests/Services/WalletServiceTests.cs(58,6): error CS0246: The type or namespace name 'Fact' could not be found (are you missing a using directive or an assembly reference?) [/app/tests/PayFlow.UnitTests/PayFlow.UnitTests.csproj]
/app/tests/PayFlow.UnitTests/Domain/TransactionTests.cs(93,6): error CS0246: The type or namespace name 'FactAttribute' could not be found (are you missing a using directive or an assembly reference?) [/app/tests/PayFlow.UnitTests/PayFlow.UnitTests.csproj]
/app/tests/PayFlow.UnitTests/Domain/TransactionTests.cs(93,6): error CS0246: The type or namespace name 'Fact' could not be found (are you missing a using directive or an assembly reference?) [/app/tests/PayFlow.UnitTests/PayFlow.UnitTests.csproj]
/app/tests/PayFlow.UnitTests/Services/PaymentServiceTests.cs(107,6): error CS0246: The type or namespace name 'FactAttribute' could not be found (are you missing a using directive or an assembly reference?) [/app/tests/PayFlow.UnitTests/PayFlow.UnitTests.csproj]
/app/tests/PayFlow.UnitTests/Services/PaymentServiceTests.cs(107,6): error CS0246: The type or namespace name 'Fact' could not be found (are you missing a using directive or an assembly reference?) [/app/tests/PayFlow.UnitTests/PayFlow.UnitTests.csproj]
/app/tests/PayFlow.UnitTests/Domain/WalletTests.cs(88,6): error CS0246: The type or namespace name 'FactAttribute' could not be found (are you missing a using directive or an assembly reference?) [/app/tests/PayFlow.UnitTests/PayFlow.UnitTests.csproj]
/app/tests/PayFlow.UnitTests/Domain/WalletTests.cs(88,6): error CS0246: The type or namespace name 'Fact' could not be found (are you missing a using directive or an assembly reference?) [/app/tests/PayFlow.UnitTests/PayFlow.UnitTests.csproj]
/app/tests/PayFlow.UnitTests/Services/WalletServiceTests.cs(79,6): error CS0246: The type or namespace name 'FactAttribute' could not be found (are you missing a using directive or an assembly reference?) [/app/tests/PayFlow.UnitTests/PayFlow.UnitTests.csproj]
/app/tests/PayFlow.UnitTests/Services/WalletServiceTests.cs(79,6): error CS0246: The type or namespace name 'Fact' could not be found (are you missing a using directive or an assembly reference?) [/app/tests/PayFlow.UnitTests/PayFlow.UnitTests.csproj]
/app/tests/PayFlow.UnitTests/Domain/TransactionTests.cs(104,6): error CS0246: The type or namespace name 'FactAttribute' could not be found (are you missing a using directive or an assembly reference?) [/app/tests/PayFlow.UnitTests/PayFlow.UnitTests.csproj]
/app/tests/PayFlow.UnitTests/Domain/TransactionTests.cs(104,6): error CS0246: The type or namespace name 'Fact' could not be found (are you missing a using directive or an assembly reference?) [/app/tests/PayFlow.UnitTests/PayFlow.UnitTests.csproj]
/app/tests/PayFlow.UnitTests/Services/PaymentServiceTests.cs(137,6): error CS0246: The type or namespace name 'FactAttribute' could not be found (are you missing a using directive or an assembly reference?) [/app/tests/PayFlow.UnitTests/PayFlow.UnitTests.csproj]
/app/tests/PayFlow.UnitTests/Services/PaymentServiceTests.cs(137,6): error CS0246: The type or namespace name 'Fact' could not be found (are you missing a using directive or an assembly reference?) [/app/tests/PayFlow.UnitTests/PayFlow.UnitTests.csproj]
/app/tests/PayFlow.UnitTests/Domain/TransactionTests.cs(115,6): error CS0246: The type or namespace name 'FactAttribute' could not be found (are you missing a using directive or an assembly reference?) [/app/tests/PayFlow.UnitTests/PayFlow.UnitTests.csproj]
/app/tests/PayFlow.UnitTests/Domain/TransactionTests.cs(115,6): error CS0246: The type or namespace name 'Fact' could not be found (are you missing a using directive or an assembly reference?) [/app/tests/PayFlow.UnitTests/PayFlow.UnitTests.csproj]
/app/tests/PayFlow.UnitTests/Domain/WalletTests.cs(101,6): error CS0246: The type or namespace name 'FactAttribute' could not be found (are you missing a using directive or an assembly reference?) [/app/tests/PayFlow.UnitTests/PayFlow.UnitTests.csproj]
/app/tests/PayFlow.UnitTests/Domain/WalletTests.cs(101,6): error CS0246: The type or namespace name 'Fact' could not be found (are you missing a using directive or an assembly reference?) [/app/tests/PayFlow.UnitTests/PayFlow.UnitTests.csproj]
/app/tests/PayFlow.UnitTests/Domain/TransactionTests.cs(125,6): error CS0246: The type or namespace name 'FactAttribute' could not be found (are you missing a using directive or an assembly reference?) [/app/tests/PayFlow.UnitTests/PayFlow.UnitTests.csproj]
/app/tests/PayFlow.UnitTests/Domain/TransactionTests.cs(125,6): error CS0246: The type or namespace name 'Fact' could not be found (are you missing a using directive or an assembly reference?) [/app/tests/PayFlow.UnitTests/PayFlow.UnitTests.csproj]
/app/tests/PayFlow.UnitTests/Services/PaymentServiceTests.cs(170,6): error CS0246: The type or namespace name 'FactAttribute' could not be found (are you missing a using directive or an assembly reference?) [/app/tests/PayFlow.UnitTests/PayFlow.UnitTests.csproj]
/app/tests/PayFlow.UnitTests/Services/PaymentServiceTests.cs(170,6): error CS0246: The type or namespace name 'Fact' could not be found (are you missing a using directive or an assembly reference?) [/app/tests/PayFlow.UnitTests/PayFlow.UnitTests.csproj]
/app/tests/PayFlow.UnitTests/Services/WalletServiceTests.cs(93,6): error CS0246: The type or namespace name 'FactAttribute' could not be found (are you missing a using directive or an assembly reference?) [/app/tests/PayFlow.UnitTests/PayFlow.UnitTests.csproj]
/app/tests/PayFlow.UnitTests/Services/WalletServiceTests.cs(93,6): error CS0246: The type or namespace name 'Fact' could not be found (are you missing a using directive or an assembly reference?) [/app/tests/PayFlow.UnitTests/PayFlow.UnitTests.csproj]
/app/tests/PayFlow.UnitTests/Domain/TransactionTests.cs(136,6): error CS0246: The type or namespace name 'FactAttribute' could not be found (are you missing a using directive or an assembly reference?) [/app/tests/PayFlow.UnitTests/PayFlow.UnitTests.csproj]
/app/tests/PayFlow.UnitTests/Domain/TransactionTests.cs(136,6): error CS0246: The type or namespace name 'Fact' could not be found (are you missing a using directive or an assembly reference?) [/app/tests/PayFlow.UnitTests/PayFlow.UnitTests.csproj]
/app/tests/PayFlow.UnitTests/Domain/WalletTests.cs(113,6): error CS0246: The type or namespace name 'FactAttribute' could not be found (are you missing a using directive or an assembly reference?) [/app/tests/PayFlow.UnitTests/PayFlow.UnitTests.csproj]
/app/tests/PayFlow.UnitTests/Domain/WalletTests.cs(113,6): error CS0246: The type or namespace name 'Fact' could not be found (are you missing a using directive or an assembly reference?) [/app/tests/PayFlow.UnitTests/PayFlow.UnitTests.csproj]
/app/tests/PayFlow.UnitTests/Services/PaymentServiceTests.cs(202,6): error CS0246: The type or namespace name 'FactAttribute' could not be found (are you missing a using directive or an assembly reference?) [/app/tests/PayFlow.UnitTests/PayFlow.UnitTests.csproj]
/app/tests/PayFlow.UnitTests/Services/PaymentServiceTests.cs(202,6): error CS0246: The type or namespace name 'Fact' could not be found (are you missing a using directive or an assembly reference?) [/app/tests/PayFlow.UnitTests/PayFlow.UnitTests.csproj]
/app/tests/PayFlow.UnitTests/Domain/WalletTests.cs(126,6): error CS0246: The type or namespace name 'FactAttribute' could not be found (are you missing a using directive or an assembly reference?) [/app/tests/PayFlow.UnitTests/PayFlow.UnitTests.csproj]
/app/tests/PayFlow.UnitTests/Domain/WalletTests.cs(126,6): error CS0246: The type or namespace name 'Fact' could not be found (are you missing a using directive or an assembly reference?) [/app/tests/PayFlow.UnitTests/PayFlow.UnitTests.csproj]
/app/tests/PayFlow.UnitTests/Domain/WalletTests.cs(137,6): error CS0246: The type or namespace name 'FactAttribute' could not be found (are you missing a using directive or an assembly reference?) [/app/tests/PayFlow.UnitTests/PayFlow.UnitTests.csproj]
/app/tests/PayFlow.UnitTests/Domain/WalletTests.cs(137,6): error CS0246: The type or namespace name 'Fact' could not be found (are you missing a using directive or an assembly reference?) [/app/tests/PayFlow.UnitTests/PayFlow.UnitTests.csproj]
/app/tests/PayFlow.UnitTests/Domain/WalletTests.cs(147,6): error CS0246: The type or namespace name 'FactAttribute' could not be found (are you missing a using directive or an assembly reference?) [/app/tests/PayFlow.UnitTests/PayFlow.UnitTests.csproj]
/app/tests/PayFlow.UnitTests/Domain/WalletTests.cs(147,6): error CS0246: The type or namespace name 'Fact' could not be found (are you missing a using directive or an assembly reference?) [/app/tests/PayFlow.UnitTests/PayFlow.UnitTests.csproj]

Build FAILED.

/app/tests/PayFlow.UnitTests/Domain/TransactionTests.cs(9,6): error CS0246: The type or namespace name 'FactAttribute' could not be found (are you missing a using directive or an assembly reference?) [/app/tests/PayFlow.UnitTests/PayFlow.UnitTests.csproj]
/app/tests/PayFlow.UnitTests/Domain/TransactionTests.cs(9,6): error CS0246: The type or namespace name 'Fact' could not be found (are you missing a using directive or an assembly reference?) [/app/tests/PayFlow.UnitTests/PayFlow.UnitTests.csproj]
/app/tests/PayFlow.UnitTests/Domain/WalletTests.cs(9,6): error CS0246: The type or namespace name 'FactAttribute' could not be found (are you missing a using directive or an assembly reference?) [/app/tests/PayFlow.UnitTests/PayFlow.UnitTests.csproj]
/app/tests/PayFlow.UnitTests/Domain/WalletTests.cs(9,6): error CS0246: The type or namespace name 'Fact' could not be found (are you missing a using directive or an assembly reference?) [/app/tests/PayFlow.UnitTests/PayFlow.UnitTests.csproj]
/app/tests/PayFlow.UnitTests/Domain/TransactionTests.cs(35,6): error CS0246: The type or namespace name 'FactAttribute' could not be found (are you missing a using directive or an assembly reference?) [/app/tests/PayFlow.UnitTests/PayFlow.UnitTests.csproj]
/app/tests/PayFlow.UnitTests/Domain/TransactionTests.cs(35,6): error CS0246: The type or namespace name 'Fact' could not be found (are you missing a using directive or an assembly reference?) [/app/tests/PayFlow.UnitTests/PayFlow.UnitTests.csproj]
/app/tests/PayFlow.UnitTests/Domain/WalletTests.cs(24,6): error CS0246: The type or namespace name 'FactAttribute' could not be found (are you missing a using directive or an assembly reference?) [/app/tests/PayFlow.UnitTests/PayFlow.UnitTests.csproj]
/app/tests/PayFlow.UnitTests/Domain/WalletTests.cs(24,6): error CS0246: The type or namespace name 'Fact' could not be found (are you missing a using directive or an assembly reference?) [/app/tests/PayFlow.UnitTests/PayFlow.UnitTests.csproj]
/app/tests/PayFlow.UnitTests/Domain/WalletTests.cs(31,6): error CS0246: The type or namespace name 'FactAttribute' could not be found (are you missing a using directive or an assembly reference?) [/app/tests/PayFlow.UnitTests/PayFlow.UnitTests.csproj]
/app/tests/PayFlow.UnitTests/Domain/WalletTests.cs(31,6): error CS0246: The type or namespace name 'Fact' could not be found (are you missing a using directive or an assembly reference?) [/app/tests/PayFlow.UnitTests/PayFlow.UnitTests.csproj]
/app/tests/PayFlow.UnitTests/Domain/TransactionTests.cs(44,6): error CS0246: The type or namespace name 'FactAttribute' could not be found (are you missing a using directive or an assembly reference?) [/app/tests/PayFlow.UnitTests/PayFlow.UnitTests.csproj]
/app/tests/PayFlow.UnitTests/Domain/TransactionTests.cs(44,6): error CS0246: The type or namespace name 'Fact' could not be found (are you missing a using directive or an assembly reference?) [/app/tests/PayFlow.UnitTests/PayFlow.UnitTests.csproj]
/app/tests/PayFlow.UnitTests/Services/LedgerServiceTests.cs(17,6): error CS0246: The type or namespace name 'FactAttribute' could not be found (are you missing a using directive or an assembly reference?) [/app/tests/PayFlow.UnitTests/PayFlow.UnitTests.csproj]
/app/tests/PayFlow.UnitTests/Services/LedgerServiceTests.cs(17,6): error CS0246: The type or namespace name 'Fact' could not be found (are you missing a using directive or an assembly reference?) [/app/tests/PayFlow.UnitTests/PayFlow.UnitTests.csproj]
/app/tests/PayFlow.UnitTests/Domain/TransactionTests.cs(53,6): error CS0246: The type or namespace name 'FactAttribute' could not be found (are you missing a using directive or an assembly reference?) [/app/tests/PayFlow.UnitTests/PayFlow.UnitTests.csproj]
/app/tests/PayFlow.UnitTests/Domain/TransactionTests.cs(53,6): error CS0246: The type or namespace name 'Fact' could not be found (are you missing a using directive or an assembly reference?) [/app/tests/PayFlow.UnitTests/PayFlow.UnitTests.csproj]
/app/tests/PayFlow.UnitTests/Services/WalletServiceTests.cs(24,6): error CS0246: The type or namespace name 'FactAttribute' could not be found (are you missing a using directive or an assembly reference?) [/app/tests/PayFlow.UnitTests/PayFlow.UnitTests.csproj]
/app/tests/PayFlow.UnitTests/Services/WalletServiceTests.cs(24,6): error CS0246: The type or namespace name 'Fact' could not be found (are you missing a using directive or an assembly reference?) [/app/tests/PayFlow.UnitTests/PayFlow.UnitTests.csproj]
/app/tests/PayFlow.UnitTests/Domain/WalletTests.cs(38,6): error CS0246: The type or namespace name 'FactAttribute' could not be found (are you missing a using directive or an assembly reference?) [/app/tests/PayFlow.UnitTests/PayFlow.UnitTests.csproj]
/app/tests/PayFlow.UnitTests/Domain/WalletTests.cs(38,6): error CS0246: The type or namespace name 'Fact' could not be found (are you missing a using directive or an assembly reference?) [/app/tests/PayFlow.UnitTests/PayFlow.UnitTests.csproj]
/app/tests/PayFlow.UnitTests/Services/LedgerServiceTests.cs(56,6): error CS0246: The type or namespace name 'FactAttribute' could not be found (are you missing a using directive or an assembly reference?) [/app/tests/PayFlow.UnitTests/PayFlow.UnitTests.csproj]
/app/tests/PayFlow.UnitTests/Services/LedgerServiceTests.cs(56,6): error CS0246: The type or namespace name 'Fact' could not be found (are you missing a using directive or an assembly reference?) [/app/tests/PayFlow.UnitTests/PayFlow.UnitTests.csproj]
/app/tests/PayFlow.UnitTests/Services/PaymentServiceTests.cs(37,6): error CS0246: The type or namespace name 'FactAttribute' could not be found (are you missing a using directive or an assembly reference?) [/app/tests/PayFlow.UnitTests/PayFlow.UnitTests.csproj]
/app/tests/PayFlow.UnitTests/Services/PaymentServiceTests.cs(37,6): error CS0246: The type or namespace name 'Fact' could not be found (are you missing a using directive or an assembly reference?) [/app/tests/PayFlow.UnitTests/PayFlow.UnitTests.csproj]
/app/tests/PayFlow.UnitTests/Domain/TransactionTests.cs(62,6): error CS0246: The type or namespace name 'FactAttribute' could not be found (are you missing a using directive or an assembly reference?) [/app/tests/PayFlow.UnitTests/PayFlow.UnitTests.csproj]
/app/tests/PayFlow.UnitTests/Domain/TransactionTests.cs(62,6): error CS0246: The type or namespace name 'Fact' could not be found (are you missing a using directive or an assembly reference?) [/app/tests/PayFlow.UnitTests/PayFlow.UnitTests.csproj]
/app/tests/PayFlow.UnitTests/Domain/WalletTests.cs(49,6): error CS0246: The type or namespace name 'FactAttribute' could not be found (are you missing a using directive or an assembly reference?) [/app/tests/PayFlow.UnitTests/PayFlow.UnitTests.csproj]
/app/tests/PayFlow.UnitTests/Domain/WalletTests.cs(49,6): error CS0246: The type or namespace name 'Fact' could not be found (are you missing a using directive or an assembly reference?) [/app/tests/PayFlow.UnitTests/PayFlow.UnitTests.csproj]
/app/tests/PayFlow.UnitTests/Services/LedgerServiceTests.cs(79,6): error CS0246: The type or namespace name 'FactAttribute' could not be found (are you missing a using directive or an assembly reference?) [/app/tests/PayFlow.UnitTests/PayFlow.UnitTests.csproj]
/app/tests/PayFlow.UnitTests/Services/LedgerServiceTests.cs(79,6): error CS0246: The type or namespace name 'Fact' could not be found (are you missing a using directive or an assembly reference?) [/app/tests/PayFlow.UnitTests/PayFlow.UnitTests.csproj]
/app/tests/PayFlow.UnitTests/Domain/WalletTests.cs(58,6): error CS0246: The type or namespace name 'FactAttribute' could not be found (are you missing a using directive or an assembly reference?) [/app/tests/PayFlow.UnitTests/PayFlow.UnitTests.csproj]
/app/tests/PayFlow.UnitTests/Domain/WalletTests.cs(58,6): error CS0246: The type or namespace name 'Fact' could not be found (are you missing a using directive or an assembly reference?) [/app/tests/PayFlow.UnitTests/PayFlow.UnitTests.csproj]
/app/tests/PayFlow.UnitTests/Domain/TransactionTests.cs(72,6): error CS0246: The type or namespace name 'FactAttribute' could not be found (are you missing a using directive or an assembly reference?) [/app/tests/PayFlow.UnitTests/PayFlow.UnitTests.csproj]
/app/tests/PayFlow.UnitTests/Domain/TransactionTests.cs(72,6): error CS0246: The type or namespace name 'Fact' could not be found (are you missing a using directive or an assembly reference?) [/app/tests/PayFlow.UnitTests/PayFlow.UnitTests.csproj]
/app/tests/PayFlow.UnitTests/Domain/TransactionTests.cs(82,6): error CS0246: The type or namespace name 'FactAttribute' could not be found (are you missing a using directive or an assembly reference?) [/app/tests/PayFlow.UnitTests/PayFlow.UnitTests.csproj]
/app/tests/PayFlow.UnitTests/Domain/TransactionTests.cs(82,6): error CS0246: The type or namespace name 'Fact' could not be found (are you missing a using directive or an assembly reference?) [/app/tests/PayFlow.UnitTests/PayFlow.UnitTests.csproj]
/app/tests/PayFlow.UnitTests/Domain/WalletTests.cs(69,6): error CS0246: The type or namespace name 'FactAttribute' could not be found (are you missing a using directive or an assembly reference?) [/app/tests/PayFlow.UnitTests/PayFlow.UnitTests.csproj]
/app/tests/PayFlow.UnitTests/Domain/WalletTests.cs(69,6): error CS0246: The type or namespace name 'Fact' could not be found (are you missing a using directive or an assembly reference?) [/app/tests/PayFlow.UnitTests/PayFlow.UnitTests.csproj]
/app/tests/PayFlow.UnitTests/Services/PaymentServiceTests.cs(82,6): error CS0246: The type or namespace name 'FactAttribute' could not be found (are you missing a using directive or an assembly reference?) [/app/tests/PayFlow.UnitTests/PayFlow.UnitTests.csproj]
/app/tests/PayFlow.UnitTests/Services/PaymentServiceTests.cs(82,6): error CS0246: The type or namespace name 'Fact' could not be found (are you missing a using directive or an assembly reference?) [/app/tests/PayFlow.UnitTests/PayFlow.UnitTests.csproj]
/app/tests/PayFlow.UnitTests/Domain/WalletTests.cs(79,6): error CS0246: The type or namespace name 'FactAttribute' could not be found (are you missing a using directive or an assembly reference?) [/app/tests/PayFlow.UnitTests/PayFlow.UnitTests.csproj]
/app/tests/PayFlow.UnitTests/Domain/WalletTests.cs(79,6): error CS0246: The type or namespace name 'Fact' could not be found (are you missing a using directive or an assembly reference?) [/app/tests/PayFlow.UnitTests/PayFlow.UnitTests.csproj]
/app/tests/PayFlow.UnitTests/Services/WalletServiceTests.cs(58,6): error CS0246: The type or namespace name 'FactAttribute' could not be found (are you missing a using directive or an assembly reference?) [/app/tests/PayFlow.UnitTests/PayFlow.UnitTests.csproj]
/app/tests/PayFlow.UnitTests/Services/WalletServiceTests.cs(58,6): error CS0246: The type or namespace name 'Fact' could not be found (are you missing a using directive or an assembly reference?) [/app/tests/PayFlow.UnitTests/PayFlow.UnitTests.csproj]
/app/tests/PayFlow.UnitTests/Domain/TransactionTests.cs(93,6): error CS0246: The type or namespace name 'FactAttribute' could not be found (are you missing a using directive or an assembly reference?) [/app/tests/PayFlow.UnitTests/PayFlow.UnitTests.csproj]
/app/tests/PayFlow.UnitTests/Domain/TransactionTests.cs(93,6): error CS0246: The type or namespace name 'Fact' could not be found (are you missing a using directive or an assembly reference?) [/app/tests/PayFlow.UnitTests/PayFlow.UnitTests.csproj]
/app/tests/PayFlow.UnitTests/Services/PaymentServiceTests.cs(107,6): error CS0246: The type or namespace name 'FactAttribute' could not be found (are you missing a using directive or an assembly reference?) [/app/tests/PayFlow.UnitTests/PayFlow.UnitTests.csproj]
/app/tests/PayFlow.UnitTests/Services/PaymentServiceTests.cs(107,6): error CS0246: The type or namespace name 'Fact' could not be found (are you missing a using directive or an assembly reference?) [/app/tests/PayFlow.UnitTests/PayFlow.UnitTests.csproj]
/app/tests/PayFlow.UnitTests/Domain/WalletTests.cs(88,6): error CS0246: The type or namespace name 'FactAttribute' could not be found (are you missing a using directive or an assembly reference?) [/app/tests/PayFlow.UnitTests/PayFlow.UnitTests.csproj]
/app/tests/PayFlow.UnitTests/Domain/WalletTests.cs(88,6): error CS0246: The type or namespace name 'Fact' could not be found (are you missing a using directive or an assembly reference?) [/app/tests/PayFlow.UnitTests/PayFlow.UnitTests.csproj]
/app/tests/PayFlow.UnitTests/Services/WalletServiceTests.cs(79,6): error CS0246: The type or namespace name 'FactAttribute' could not be found (are you missing a using directive or an assembly reference?) [/app/tests/PayFlow.UnitTests/PayFlow.UnitTests.csproj]
/app/tests/PayFlow.UnitTests/Services/WalletServiceTests.cs(79,6): error CS0246: The type or namespace name 'Fact' could not be found (are you missing a using directive or an assembly reference?) [/app/tests/PayFlow.UnitTests/PayFlow.UnitTests.csproj]
/app/tests/PayFlow.UnitTests/Domain/TransactionTests.cs(104,6): error CS0246: The type or namespace name 'FactAttribute' could not be found (are you missing a using directive or an assembly reference?) [/app/tests/PayFlow.UnitTests/PayFlow.UnitTests.csproj]
/app/tests/PayFlow.UnitTests/Domain/TransactionTests.cs(104,6): error CS0246: The type or namespace name 'Fact' could not be found (are you missing a using directive or an assembly reference?) [/app/tests/PayFlow.UnitTests/PayFlow.UnitTests.csproj]
/app/tests/PayFlow.UnitTests/Services/PaymentServiceTests.cs(137,6): error CS0246: The type or namespace name 'FactAttribute' could not be found (are you missing a using directive or an assembly reference?) [/app/tests/PayFlow.UnitTests/PayFlow.UnitTests.csproj]
/app/tests/PayFlow.UnitTests/Services/PaymentServiceTests.cs(137,6): error CS0246: The type or namespace name 'Fact' could not be found (are you missing a using directive or an assembly reference?) [/app/tests/PayFlow.UnitTests/PayFlow.UnitTests.csproj]
/app/tests/PayFlow.UnitTests/Domain/TransactionTests.cs(115,6): error CS0246: The type or namespace name 'FactAttribute' could not be found (are you missing a using directive or an assembly reference?) [/app/tests/PayFlow.UnitTests/PayFlow.UnitTests.csproj]
/app/tests/PayFlow.UnitTests/Domain/TransactionTests.cs(115,6): error CS0246: The type or namespace name 'Fact' could not be found (are you missing a using directive or an assembly reference?) [/app/tests/PayFlow.UnitTests/PayFlow.UnitTests.csproj]
/app/tests/PayFlow.UnitTests/Domain/WalletTests.cs(101,6): error CS0246: The type or namespace name 'FactAttribute' could not be found (are you missing a using directive or an assembly reference?) [/app/tests/PayFlow.UnitTests/PayFlow.UnitTests.csproj]
/app/tests/PayFlow.UnitTests/Domain/WalletTests.cs(101,6): error CS0246: The type or namespace name 'Fact' could not be found (are you missing a using directive or an assembly reference?) [/app/tests/PayFlow.UnitTests/PayFlow.UnitTests.csproj]
/app/tests/PayFlow.UnitTests/Domain/TransactionTests.cs(125,6): error CS0246: The type or namespace name 'FactAttribute' could not be found (are you missing a using directive or an assembly reference?) [/app/tests/PayFlow.UnitTests/PayFlow.UnitTests.csproj]
/app/tests/PayFlow.UnitTests/Domain/TransactionTests.cs(125,6): error CS0246: The type or namespace name 'Fact' could not be found (are you missing a using directive or an assembly reference?) [/app/tests/PayFlow.UnitTests/PayFlow.UnitTests.csproj]
/app/tests/PayFlow.UnitTests/Services/PaymentServiceTests.cs(170,6): error CS0246: The type or namespace name 'FactAttribute' could not be found (are you missing a using directive or an assembly reference?) [/app/tests/PayFlow.UnitTests/PayFlow.UnitTests.csproj]
/app/tests/PayFlow.UnitTests/Services/PaymentServiceTests.cs(170,6): error CS0246: The type or namespace name 'Fact' could not be found (are you missing a using directive or an assembly reference?) [/app/tests/PayFlow.UnitTests/PayFlow.UnitTests.csproj]
/app/tests/PayFlow.UnitTests/Services/WalletServiceTests.cs(93,6): error CS0246: The type or namespace name 'FactAttribute' could not be found (are you missing a using directive or an assembly reference?) [/app/tests/PayFlow.UnitTests/PayFlow.UnitTests.csproj]
/app/tests/PayFlow.UnitTests/Services/WalletServiceTests.cs(93,6): error CS0246: The type or namespace name 'Fact' could not be found (are you missing a using directive or an assembly reference?) [/app/tests/PayFlow.UnitTests/PayFlow.UnitTests.csproj]
/app/tests/PayFlow.UnitTests/Domain/TransactionTests.cs(136,6): error CS0246: The type or namespace name 'FactAttribute' could not be found (are you missing a using directive or an assembly reference?) [/app/tests/PayFlow.UnitTests/PayFlow.UnitTests.csproj]
/app/tests/PayFlow.UnitTests/Domain/TransactionTests.cs(136,6): error CS0246: The type or namespace name 'Fact' could not be found (are you missing a using directive or an assembly reference?) [/app/tests/PayFlow.UnitTests/PayFlow.UnitTests.csproj]
/app/tests/PayFlow.UnitTests/Domain/WalletTests.cs(113,6): error CS0246: The type or namespace name 'FactAttribute' could not be found (are you missing a using directive or an assembly reference?) [/app/tests/PayFlow.UnitTests/PayFlow.UnitTests.csproj]
/app/tests/PayFlow.UnitTests/Domain/WalletTests.cs(113,6): error CS0246: The type or namespace name 'Fact' could not be found (are you missing a using directive or an assembly reference?) [/app/tests/PayFlow.UnitTests/PayFlow.UnitTests.csproj]
/app/tests/PayFlow.UnitTests/Services/PaymentServiceTests.cs(202,6): error CS0246: The type or namespace name 'FactAttribute' could not be found (are you missing a using directive or an assembly reference?) [/app/tests/PayFlow.UnitTests/PayFlow.UnitTests.csproj]
/app/tests/PayFlow.UnitTests/Services/PaymentServiceTests.cs(202,6): error CS0246: The type or namespace name 'Fact' could not be found (are you missing a using directive or an assembly reference?) [/app/tests/PayFlow.UnitTests/PayFlow.UnitTests.csproj]
/app/tests/PayFlow.UnitTests/Domain/WalletTests.cs(126,6): error CS0246: The type or namespace name 'FactAttribute' could not be found (are you missing a using directive or an assembly reference?) [/app/tests/PayFlow.UnitTests/PayFlow.UnitTests.csproj]
/app/tests/PayFlow.UnitTests/Domain/WalletTests.cs(126,6): error CS0246: The type or namespace name 'Fact' could not be found (are you missing a using directive or an assembly reference?) [/app/tests/PayFlow.UnitTests/PayFlow.UnitTests.csproj]
/app/tests/PayFlow.UnitTests/Domain/WalletTests.cs(137,6): error CS0246: The type or namespace name 'FactAttribute' could not be found (are you missing a using directive or an assembly reference?) [/app/tests/PayFlow.UnitTests/PayFlow.UnitTests.csproj]
/app/tests/PayFlow.UnitTests/Domain/WalletTests.cs(137,6): error CS0246: The type or namespace name 'Fact' could not be found (are you missing a using directive or an assembly reference?) [/app/tests/PayFlow.UnitTests/PayFlow.UnitTests.csproj]
/app/tests/PayFlow.UnitTests/Domain/WalletTests.cs(147,6): error CS0246: The type or namespace name 'FactAttribute' could not be found (are you missing a using directive or an assembly reference?) [/app/tests/PayFlow.UnitTests/PayFlow.UnitTests.csproj]
/app/tests/PayFlow.UnitTests/Domain/WalletTests.cs(147,6): error CS0246: The type or namespace name 'Fact' could not be found (are you missing a using directive or an assembly reference?) [/app/tests/PayFlow.UnitTests/PayFlow.UnitTests.csproj]
    0 Warning(s)
    78 Error(s)

Time Elapsed 00:00:19.47
